
> pillarvale-client@0.0.0 build
> tsc -b && vite build

src/pages/Dashboard.tsx(2,47): error TS6133: 'Zap' is declared but its value is never read.
src/pages/LandingPage.tsx(2,56): error TS6133: 'CheckCircle2' is declared but its value is never read.
src/pages/Register.tsx(3,10): error TS6133: 'Mail' is declared but its value is never read.
src/pages/Register.tsx(3,16): error TS6133: 'Lock' is declared but its value is never read.
